// 同步 ID: 1987cde4 @ Sat Jul 18 22:03:19 UTC 2026
// 同步 ID: 720ab009 @ Sun Jul 19 15:35:44 UTC 2026
// 重构日志: 96ef3e8c
// 重构日志: a3e7234e
// 重构日志: aa3f781d
// 重构日志: 42209b15
// 重构日志: 69b44025
// 同步 ID: 957fac6a @ Wed Jul 29 17:54:21 UTC 2026
// 重构日志: 5461f39f
// 重构日志: 82849646
// 同步 ID: 6a3ef2b0 @ Thu Jul 30 12:14:37 UTC 2026
// 重构日志: 0a1762cf
// 同步 ID: d3cf92ae @ Fri Jul 31 03:07:09 UTC 2026
// 同步 ID: 88d8f747 @ Sat Aug  1 04:49:52 UTC 2026
// 同步 ID: cef0bd45 @ Sat Aug  1 18:38:26 UTC 2026
// 重构日志: b22f2ebc
// 重构日志: 3cf19ebe
// 同步 ID: a94e0421 @ Tue Aug  4 08:06:51 UTC 2026
// 重构日志: fc6ffbb5
// 同步 ID: cf28dea6 @ Tue Aug  4 13:08:37 UTC 2026
// 重构日志: 9c0c180e
// 同步 ID: 592e3b75 @ Thu Aug  6 05:07:05 UTC 2026
// 重构日志: 2b04c304
// 同步 ID: 7c2d8fb9 @ Fri Aug  7 12:57:12 UTC 2026
// 重构日志: 9f09582b
// 同步 ID: 9bd7468b @ Fri Aug  7 17:29:32 UTC 2026
// 重构日志: c5be2ae5
// 同步 ID: 970148c7 @ Sat Aug  8 06:47:25 UTC 2026
// 同步 ID: a6737f27 @ Sat Aug  8 14:31:11 UTC 2026
// 同步 ID: c3b43191 @ Sat Aug  8 16:08:03 UTC 2026
